10:02:31 **** Incremental Build of configuration Debug for project CG2028AssignS1AY2122 ****
make all 
Building file: ../src/main.c
Invoking: MCU C Compiler
arm-none-eabi-gcc -DDEBUG -D__CODE_RED -D__REDLIB__ -D__USE_CMSIS=CMSISv1p30_LPC17xx -I"C:\Users\Pryo\Desktop\Cg2028 PRoj\Lib_CMSISv1p30_LPC17xx\inc" -O0 -g3 -Wall -c -fmessage-length=0 -fno-builtin -ffunction-sections -Wa,-ahlnds=main.asm -mcpu=cortex-m3 -mthumb -MMD -MP -MF"src/main.d" -MT"src/main.d" -o"src/main.o" "../src/main.c"
../src/main.c: In function 'classification_c':
../src/main.c:38:6: warning: unused variable 'dout' [-Wunused-variable]
../src/main.c:37:10: warning: unused variable 'd2' [-Wunused-variable]
../src/main.c:34:10: warning: unused variable 'n' [-Wunused-variable]
Finished building: ../src/main.c
 
Building target: CG2028AssignS1AY2122.axf
Invoking: MCU Linker
arm-none-eabi-gcc -nostdlib -L"C:\Users\Pryo\Desktop\Cg2028 PRoj\Lib_CMSISv1p30_LPC17xx\Debug" -Xlinker --gc-sections -Xlinker -Map=CG2028AssignS1AY2122.map -mcpu=cortex-m3 -mthumb -T "CG2028AssignS1AY2122_Debug.ld" -o"CG2028AssignS1AY2122.axf"  ./src/classification.o ./src/cr_startup_lpc17.o ./src/main.o   -lCMSISv1p30_LPC17xx
Finished building target: CG2028AssignS1AY2122.axf
 
make --no-print-directory post-build
Performing post-build steps
arm-none-eabi-size CG2028AssignS1AY2122.axf; # arm-none-eabi-objcopy -O ihex CG2028AssignS1AY2122.axf CG2028AssignS1AY2122.hex ;
   text	   data	    bss	    dec	    hex	filename
  12560	      0	    744	  13304	   33f8	CG2028AssignS1AY2122.axf
 

10:02:31 Build Finished (took 615ms)

